# Tuning nodes for low latency with the performance profile


Tune nodes for low latency by using the cluster performance profile.
You can restrict CPUs for infra and application containers, configure huge pages, Hyper-Threading, and configure CPU partitions for latency-sensitive processes.
* Provisioning real-time and low latency workloads

# Creating a performance profile

Learn about the Performance Profile Creator (PPC) and how you can use it to create a performance profile.

## About the Performance Profile Creator

The Performance Profile Creator (PPC) is a command-line tool, delivered with the Node Tuning Operator, used to create the performance profile.
The tool consumes must-gather data from the cluster and several user-supplied profile arguments. The PPC generates a performance profile that is appropriate for your hardware and topology.

The tool is run by one of the following methods:

* Invoking podman
* Calling a wrapper script

## Gathering data about your cluster using the must-gather command

The Performance Profile Creator (PPC) tool requires must-gather data. As a cluster administrator, run the must-gather command to capture information about your cluster.

* Access to the cluster as a user with the cluster-admin role.
* The OpenShift CLI (oc) installed.

1. Optional: Verify that a matching machine config pool exists with a label:

```terminal
$ oc describe mcp/worker-rt
```

Example output

```terminal
Name:         worker-rt
Namespace:
Labels:       machineconfiguration.openshift.io/role=worker-rt
```

2. If a matching label does not exist add a label for a machine config pool (MCP) that matches with the MCP name:

```terminal
$ oc label mcp <mcp_name> machineconfiguration.openshift.io/role=<mcp_name>
```

3. Navigate to the directory where you want to store the must-gather data.
4. Collect cluster information by running the following command:

```terminal
$ oc adm must-gather
```

5. Optional: Create a compressed file from the must-gather directory:

```terminal
$ tar cvaf must-gather.tar.gz must-gather/
```


[NOTE]
----
Compressed output is required if you are running the Performance Profile Creator wrapper script.
----

## Running the Performance Profile Creator using Podman

As a cluster administrator, you can run podman and the Performance Profile Creator to create a performance profile.

* Access to the cluster as a user with the cluster-admin role.
* A cluster installed on bare-metal hardware.
* A node with podman and OpenShift CLI (oc) installed.
* Access to the Node Tuning Operator image.

1. Check the machine config pool:

```terminal
$ oc get mcp
```

Example output

```terminal
NAME         CONFIG                                                 UPDATED   UPDATING   DEGRADED   MACHINECOUNT   READYMACHINECOUNT   UPDATEDMACHINECOUNT   DEGRADEDMACHINECOUNT   AGE
master       rendered-master-acd1358917e9f98cbdb599aea622d78b       True      False      False      3              3                   3                     0                      22h
worker-cnf   rendered-worker-cnf-1d871ac76e1951d32b2fe92369879826   False     True       False      2              1                   1                     0                      22h
```

2. Use Podman to authenticate to registry.redhat.io:

```terminal
$ podman login registry.redhat.io
```


```bash
Username: <username>
Password: <password>
```

3. Optional: Display help for the PPC tool:

```terminal
$ podman run --rm --entrypoint performance-profile-creator registry.redhat.io/openshift4/ose-cluster-node-tuning-operator:v4.17 -h
```

Example output

```terminal
A tool that automates creation of Performance Profiles

Usage:
  performance-profile-creator [flags]

Flags:
      --disable-ht                        Disable Hyperthreading
  -h, --help                              help for performance-profile-creator
      --info string                       Show cluster information; requires --must-gather-dir-path, ignore the other arguments. [Valid values: log, json] (default "log")
      --mcp-name string                   MCP name corresponding to the target machines (required)
      --must-gather-dir-path string       Must gather directory path (default "must-gather")
      --offlined-cpu-count int            Number of offlined CPUs
      --per-pod-power-management          Enable Per Pod Power Management
      --power-consumption-mode string     The power consumption mode.  [Valid values: default, low-latency, ultra-low-latency] (default "default")
      --profile-name string               Name of the performance profile to be created (default "performance")
      --reserved-cpu-count int            Number of reserved CPUs (required)
      --rt-kernel                         Enable Real Time Kernel (required)
      --split-reserved-cpus-across-numa   Split the Reserved CPUs across NUMA nodes
      --topology-manager-policy string    Kubelet Topology Manager Policy of the performance profile to be created. [Valid values: single-numa-node, best-effort, restricted] (default "restricted")
      --user-level-networking             Run with User level Networking(DPDK) enabled
```

4. Run the Performance Profile Creator tool in discovery mode:

[NOTE]
----
Discovery mode inspects your cluster by using the output from must-gather.
The output produced includes information on the following conditions:
* The NUMA cell partitioning with the allocated CPU ids
* Whether Hyper-Threading is enabled
Using this information you can set appropriate values for some of the arguments supplied to the Performance Profile Creator tool.
----

```terminal
$ podman run --entrypoint performance-profile-creator -v <path_to_must-gather>/must-gather:/must-gather:z registry.redhat.io/openshift4/ose-cluster-node-tuning-operator:v4.17 --info log --must-gather-dir-path /must-gather
```


[NOTE]
----
This command uses the performance profile creator as a new entry point to podman. It maps the must-gather data for the host into the container image and invokes the required user-supplied profile arguments to produce the my-performance-profile.yaml file.
The -v option can be the path to either of the following components:
* The must-gather output directory
* An existing directory containing the must-gather decompressed .tar file
The info option requires a value which specifies the output format. Possible values are log and JSON. The JSON format is reserved for debugging.
----
5. Run podman:

```terminal
$ podman run --entrypoint performance-profile-creator -v /must-gather:/must-gather:z registry.redhat.io/openshift4/ose-cluster-node-tuning-operator:v4.17 --mcp-name=worker-cnf --reserved-cpu-count=4 --rt-kernel=true --split-reserved-cpus-across-numa=false --must-gather-dir-path /must-gather --power-consumption-mode=ultra-low-latency --offlined-cpu-count=6 > my-performance-profile.yaml
```


[NOTE]
----
The Performance Profile Creator arguments are shown in the Performance Profile Creator arguments table. The following arguments are required:
* reserved-cpu-count
* mcp-name
* rt-kernel
The mcp-name argument in this example is set to worker-cnf based on the output of the command oc get mcp. For single-node OpenShift use --mcp-name=master.
----
6. Review the created YAML file:

```terminal
$ cat my-performance-profile.yaml
```

Example output

```yaml
apiVersion: performance.openshift.io/v2
kind: PerformanceProfile
metadata:
  name: performance
spec:
  cpu:
    isolated: 2-39,48-79
    offlined: 42-47
    reserved: 0-1,40-41
  machineConfigPoolSelector:
    machineconfiguration.openshift.io/role: worker-cnf
  nodeSelector:
    node-role.kubernetes.io/worker-cnf: ""
  numa:
    topologyPolicy: restricted
  realTimeKernel:
    enabled: true
  workloadHints:
    highPowerConsumption: true
    realTime: true
```

7. Apply the generated profile:

```terminal
$ oc apply -f my-performance-profile.yaml
```


* For more information about the must-gather tool,
see Gathering data about your cluster.

### How to run podman to create a performance profile

The following example illustrates how to run podman to create a performance profile with 20 reserved CPUs that are to be split across the NUMA nodes.

Node hardware configuration:

* 80 CPUs
* Hyperthreading enabled
* Two NUMA nodes
* Even numbered CPUs run on NUMA node 0 and odd numbered CPUs run on NUMA node 1

Run podman to create the performance profile:


```terminal
$ podman run --entrypoint performance-profile-creator -v /must-gather:/must-gather:z registry.redhat.io/openshift4/ose-cluster-node-tuning-operator:v4.17 --mcp-name=worker-cnf --reserved-cpu-count=20 --rt-kernel=true --split-reserved-cpus-across-numa=true --must-gather-dir-path /must-gather > my-performance-profile.yaml
```


The created profile is described in the following YAML:


```yaml
  apiVersion: performance.openshift.io/v2
  kind: PerformanceProfile
  metadata:
    name: performance
  spec:
    cpu:
      isolated: 10-39,50-79
      reserved: 0-9,40-49
    nodeSelector:
      node-role.kubernetes.io/worker-cnf: ""
    numa:
      topologyPolicy: restricted
    realTimeKernel:
      enabled: true
```



[NOTE]
----
In this case, 10 CPUs are reserved on NUMA node 0 and 10 are reserved on NUMA node 1.
----

### Running the Performance Profile Creator wrapper script

The performance profile wrapper script simplifies the running of the Performance Profile Creator (PPC) tool. It hides the complexities associated with running podman and specifying the mapping directories and it enables the creation of the performance profile.

* Access to the Node Tuning Operator image.
* Access to the must-gather tarball.

1. Create a file on your local machine named, for example, run-perf-profile-creator.sh:

```terminal
$ vi run-perf-profile-creator.sh
```

2. Paste the following code into the file:

```bash
#!/bin/bash

readonly CONTAINER_RUNTIME=${CONTAINER_RUNTIME:-podman}
readonly CURRENT_SCRIPT=$(basename "$0")
readonly CMD="${CONTAINER_RUNTIME} run --entrypoint performance-profile-creator"
readonly IMG_EXISTS_CMD="${CONTAINER_RUNTIME} image exists"
readonly IMG_PULL_CMD="${CONTAINER_RUNTIME} image pull"
readonly MUST_GATHER_VOL="/must-gather"

NTO_IMG="registry.redhat.io/openshift4/ose-cluster-node-tuning-operator:v4.17"
MG_TARBALL=""
DATA_DIR=""

usage() {
  print "Wrapper usage:"
  print "  ${CURRENT_SCRIPT} [-h] [-p image][-t path] -- [performance-profile-creator flags]"
  print ""
  print "Options:"
  print "   -h                 help for ${CURRENT_SCRIPT}"
  print "   -p                 Node Tuning Operator image"
  print "   -t                 path to a must-gather tarball"

  ${IMG_EXISTS_CMD} "${NTO_IMG}" && ${CMD} "${NTO_IMG}" -h
}

function cleanup {
  [ -d "${DATA_DIR}" ] && rm -rf "${DATA_DIR}"
}
trap cleanup EXIT

exit_error() {
  print "error: $*"
  usage
  exit 1
}

print() {
  echo  "$*" >&2
}

check_requirements() {
  ${IMG_EXISTS_CMD} "${NTO_IMG}" || ${IMG_PULL_CMD} "${NTO_IMG}" || \
      exit_error "Node Tuning Operator image not found"

  [ -n "${MG_TARBALL}" ] || exit_error "Must-gather tarball file path is mandatory"
  [ -f "${MG_TARBALL}" ] || exit_error "Must-gather tarball file not found"

  DATA_DIR=$(mktemp -d -t "${CURRENT_SCRIPT}XXXX") || exit_error "Cannot create the data directory"
  tar -zxf "${MG_TARBALL}" --directory "${DATA_DIR}" || exit_error "Cannot decompress the must-gather tarball"
  chmod a+rx "${DATA_DIR}"

  return 0
}

main() {
  while getopts ':hp:t:' OPT; do
    case "${OPT}" in
      h)
        usage
        exit 0
        ;;
      p)
        NTO_IMG="${OPTARG}"
        ;;
      t)
        MG_TARBALL="${OPTARG}"
        ;;
      ?)
        exit_error "invalid argument: ${OPTARG}"
        ;;
    esac
  done
  shift $((OPTIND - 1))

  check_requirements || exit 1

  ${CMD} -v "${DATA_DIR}:${MUST_GATHER_VOL}:z" "${NTO_IMG}" "$@" --must-gather-dir-path "${MUST_GATHER_VOL}"
  echo "" 1>&2
}

main "$@"
```

3. Add execute permissions for everyone on this script:

```terminal
$ chmod a+x run-perf-profile-creator.sh
```

4. Optional: Display the run-perf-profile-creator.sh command usage:

```terminal
$ ./run-perf-profile-creator.sh -h
```

Expected output

```terminal
Wrapper usage:
  run-perf-profile-creator.sh [-h] [-p image][-t path] -- [performance-profile-creator flags]

Options:
   -h                 help for run-perf-profile-creator.sh
   -p                 Node Tuning Operator image 1
   -t                 path to a must-gather tarball 2
A tool that automates creation of Performance Profiles

Usage:
  performance-profile-creator [flags]

Flags:
      --disable-ht                        Disable Hyperthreading
  -h, --help                              help for performance-profile-creator
      --info string                       Show cluster information; requires --must-gather-dir-path, ignore the other arguments. [Valid values: log, json] (default "log")
      --mcp-name string                   MCP name corresponding to the target machines (required)
      --must-gather-dir-path string       Must gather directory path (default "must-gather")
      --offlined-cpu-count int            Number of offlined CPUs
      --per-pod-power-management          Enable Per Pod Power Management
      --power-consumption-mode string     The power consumption mode.  [Valid values: default, low-latency, ultra-low-latency] (default "default")
      --profile-name string               Name of the performance profile to be created (default "performance")
      --reserved-cpu-count int            Number of reserved CPUs (required)
      --rt-kernel                         Enable Real Time Kernel (required)
      --split-reserved-cpus-across-numa   Split the Reserved CPUs across NUMA nodes
      --topology-manager-policy string    Kubelet Topology Manager Policy of the performance profile to be created. [Valid values: single-numa-node, best-effort, restricted] (default "restricted")
      --user-level-networking             Run with User level Networking(DPDK) enabled
      --enable-hardware-tuning            Enable setting maximum CPU frequencies
```


[NOTE]
----
There two types of arguments:
* Wrapper arguments namely -h, -p and -t
* PPC arguments
----
Optional: Specify the Node Tuning Operator image. If not set, the default upstream image is used: registry.redhat.io/openshift4/ose-cluster-node-tuning-operator:v4.17.
-t is a required wrapper script argument and specifies the path to a must-gather tarball.
5. Run the performance profile creator tool in discovery mode:

[NOTE]
----
Discovery mode inspects your cluster using the output from must-gather. The output produced includes information on:
* The NUMA cell partitioning with the allocated CPU IDs
* Whether hyperthreading is enabled
Using this information you can set appropriate values for some of the arguments supplied to the Performance Profile Creator tool.
----

```terminal
$ ./run-perf-profile-creator.sh -t /must-gather/must-gather.tar.gz -- --info=log
```


[NOTE]
----
The info option requires a value which specifies the output format. Possible values are log and JSON. The JSON format is reserved for debugging.
----
6. Check the machine config pool:

```terminal
$ oc get mcp
```

Example output

```terminal
NAME         CONFIG                                                 UPDATED   UPDATING   DEGRADED   MACHINECOUNT   READYMACHINECOUNT   UPDATEDMACHINECOUNT   DEGRADEDMACHINECOUNT   AGE
master       rendered-master-acd1358917e9f98cbdb599aea622d78b       True      False      False      3              3                   3                     0                      22h
worker-cnf   rendered-worker-cnf-1d871ac76e1951d32b2fe92369879826   False     True       False      2              1                   1                     0                      22h
```

7. Create a performance profile:

```terminal
$ ./run-perf-profile-creator.sh -t /must-gather/must-gather.tar.gz -- --mcp-name=worker-cnf --reserved-cpu-count=2 --rt-kernel=true > my-performance-profile.yaml
```


[NOTE]
----
The Performance Profile Creator arguments are shown in the Performance Profile Creator arguments table. The following arguments are required:
* reserved-cpu-count
* mcp-name
* rt-kernel
The mcp-name argument in this example is set to worker-cnf based on the output of the command oc get mcp. For single-node OpenShift use --mcp-name=master.
----
8. Review the created YAML file:

```terminal
$ cat my-performance-profile.yaml
```

Example output

```terminal
apiVersion: performance.openshift.io/v2
kind: PerformanceProfile
metadata:
  name: performance
spec:
  cpu:
    isolated: 1-39,41-79
    reserved: 0,40
  nodeSelector:
    node-role.kubernetes.io/worker-cnf: ""
  numa:
    topologyPolicy: restricted
  realTimeKernel:
    enabled: false
```


[NOTE]
----
When you pass the argument --enable-hardware-tuning as a flag to the Performance Profile Creator, the generated PerformanceProfile includes guidance on how to set frequency settings as follows:

```yaml
apiVersion: performance.openshift.io/v2
kind: PerformanceProfile
metadata:
  name: performance
spec:
……………………
……………………
#HardwareTuning is an advanced feature, and only intended to be used if
#user is aware of the vendor recommendation on maximum cpu frequency.
#The structure must follow
#
# hardwareTuning:
#   isolatedCpuFreq: <Maximum frequency for applications running on isolated CPUs>
#   reservedCpuFreq: <Maximum frequency for platform software running on reserved CPUs>
```

----
9. Apply the generated profile:

[NOTE]
----
Install the Node Tuning Operator before applying the profile.
----

```terminal
$ oc apply -f my-performance-profile.yaml
```


### Performance Profile Creator arguments



## Reference performance profiles

Use the following reference performance profiles as the basis to develop your own custom profiles.

### Performance profile template for clusters that use OVS-DPDK on OpenStack

To maximize machine performance in a cluster that uses Open vSwitch with the Data Plane Development Kit (OVS-DPDK) on Red Hat OpenStack Platform (RHOSP), you can use a performance profile.

You can use the following performance profile template to create a profile for your deployment.


```yaml
apiVersion: performance.openshift.io/v2
kind: PerformanceProfile
metadata:
  name: cnf-performanceprofile
spec:
  additionalKernelArgs:
    - nmi_watchdog=0
    - audit=0
    - mce=off
    - processor.max_cstate=1
    - idle=poll
    - intel_idle.max_cstate=0
    - default_hugepagesz=1GB
    - hugepagesz=1G
    - intel_iommu=on
  cpu:
    isolated: <CPU_ISOLATED>
    reserved: <CPU_RESERVED>
  hugepages:
    defaultHugepagesSize: 1G
    pages:
      - count: <HUGEPAGES_COUNT>
        node: 0
        size: 1G
  nodeSelector:
    node-role.kubernetes.io/worker: ''
  realTimeKernel:
    enabled: false
    globallyDisableIrqLoadBalancing: true
```


Insert values that are appropriate for your configuration for the CPU_ISOLATED, CPU_RESERVED, and HUGEPAGES_COUNT keys.

### Telco RAN DU reference design performance profile template

The following performance profile configures node-level performance settings for Red Hat OpenShift Container Platform clusters on commodity hardware to host telco RAN DU workloads.


```yaml
apiVersion: performance.openshift.io/v2
kind: PerformanceProfile
metadata:
  # if you change this name make sure the 'include' line in TunedPerformancePatch.yaml
  # matches this name: include=openshift-node-performance-${PerformanceProfile.metadata.name}
  # Also in file 'validatorCRs/informDuValidator.yaml': 
  # name: 50-performance-${PerformanceProfile.metadata.name}
  name: openshift-node-performance-profile
  annotations:
    ran.openshift.io/reference-configuration: "ran-du.redhat.com"
spec:
  additionalKernelArgs:
    - "rcupdate.rcu_normal_after_boot=0"
    - "efi=runtime"
    - "vfio_pci.enable_sriov=1"
    - "vfio_pci.disable_idle_d3=1"
    - "module_blacklist=irdma"
  cpu:
    isolated: $isolated
    reserved: $reserved
  hugepages:
    defaultHugepagesSize: $defaultHugepagesSize
    pages:
      - size: $size
        count: $count
        node: $node
  machineConfigPoolSelector:
    pools.operator.machineconfiguration.openshift.io/$mcp: ""
  nodeSelector:
    node-role.kubernetes.io/$mcp: ''
  numa:
    topologyPolicy: "restricted"
  # To use the standard (non-realtime) kernel, set enabled to false
  realTimeKernel:
    enabled: true
  workloadHints:
    # WorkloadHints defines the set of upper level flags for different type of workloads.
    # See https://github.com/openshift/cluster-node-tuning-operator/blob/master/docs/performanceprofile/performance_profile.md#workloadhints
    # for detailed descriptions of each item.
    # The configuration below is set for a low latency, performance mode.
    realTime: true
    highPowerConsumption: false
    perPodPowerManagement: false
```


### Telco core reference design performance profile template

The following performance profile configures node-level performance settings for Red Hat OpenShift Container Platform clusters on commodity hardware to host telco core workloads.


```yaml
apiVersion: performance.openshift.io/v2
kind: PerformanceProfile
metadata:
  # if you change this name make sure the 'include' line in TunedPerformancePatch.yaml
  # matches this name: include=openshift-node-performance-${PerformanceProfile.metadata.name}
  # Also in file 'validatorCRs/informDuValidator.yaml': 
  # name: 50-performance-${PerformanceProfile.metadata.name}
  name: openshift-node-performance-profile
  annotations:
    ran.openshift.io/reference-configuration: "ran-du.redhat.com"
spec:
  additionalKernelArgs:
    - "rcupdate.rcu_normal_after_boot=0"
    - "efi=runtime"
    - "vfio_pci.enable_sriov=1"
    - "vfio_pci.disable_idle_d3=1"
    - "module_blacklist=irdma"
  cpu:
    isolated: $isolated
    reserved: $reserved
  hugepages:
    defaultHugepagesSize: $defaultHugepagesSize
    pages:
      - size: $size
        count: $count
        node: $node
  machineConfigPoolSelector:
    pools.operator.machineconfiguration.openshift.io/$mcp: ""
  nodeSelector:
    node-role.kubernetes.io/$mcp: ''
  numa:
    topologyPolicy: "restricted"
  # To use the standard (non-realtime) kernel, set enabled to false
  realTimeKernel:
    enabled: true
  workloadHints:
    # WorkloadHints defines the set of upper level flags for different type of workloads.
    # See https://github.com/openshift/cluster-node-tuning-operator/blob/master/docs/performanceprofile/performance_profile.md#workloadhints
    # for detailed descriptions of each item.
    # The configuration below is set for a low latency, performance mode.
    realTime: true
    highPowerConsumption: false
    perPodPowerManagement: false
```


# Supported performance profile API versions

The Node Tuning Operator supports v2, v1, and v1alpha1 for the performance profile apiVersion field. The v1 and v1alpha1 APIs are identical. The v2 API includes an optional boolean field globallyDisableIrqLoadBalancing with a default value of false.

## Upgrading the performance profile to use device interrupt processing

When you upgrade the Node Tuning Operator performance profile custom resource definition (CRD) from v1 or v1alpha1 to v2, globallyDisableIrqLoadBalancing is set to true on existing profiles.


[NOTE]
----
globallyDisableIrqLoadBalancing toggles whether IRQ load balancing will be disabled for the Isolated CPU set. When the option is set to true it disables IRQ load balancing for the Isolated CPU set. Setting the option to false allows the IRQs to be balanced across all CPUs.
----

## Upgrading Node Tuning Operator API from v1alpha1 to v1

When upgrading Node Tuning Operator API version from v1alpha1 to v1, the v1alpha1 performance profiles are converted on-the-fly using a "None" Conversion strategy and served to the Node Tuning Operator with API version v1.

## Upgrading Node Tuning Operator API from v1alpha1 or v1 to v2

When upgrading from an older Node Tuning Operator API version, the existing v1 and v1alpha1 performance profiles are converted using a conversion webhook that injects the globallyDisableIrqLoadBalancing field with a value of true.

# Configuring node power consumption and realtime processing with workload hints

* Create a PerformanceProfile appropriate for the environment's hardware and topology by using the Performance Profile Creator (PPC) tool. The following table describes the possible values set for the power-consumption-mode flag associated with the PPC tool and the workload hint that is applied.



The following configuration is commonly used in a telco RAN DU deployment.


```yaml
    apiVersion: performance.openshift.io/v2
    kind: PerformanceProfile
    metadata:
      name: workload-hints
    spec:
      ...
      workloadHints:
        realTime: true
        highPowerConsumption: false
        perPodPowerManagement: false 1
```


Disables some debugging and monitoring features that can affect system latency.


[NOTE]
----
When the realTime workload hint flag is set to true in a performance profile, add the cpu-quota.crio.io: disable annotation to every guaranteed pod with pinned CPUs. This annotation is necessary to prevent the degradation of the process performance within the pod. If the realTime workload hint is not explicitly set, it defaults to true.
----

For more information how combinations of power consumption and real-time settings impact latency, see Understanding workload hints.

# Configuring power saving for nodes that run colocated high and low priority workloads

You can enable power savings for a node that has low priority workloads that are colocated with high priority workloads without impacting the latency or throughput of the high priority workloads. Power saving is possible without modifications to the workloads themselves.


[IMPORTANT]
----
The feature is supported on Intel Ice Lake and later generations of Intel CPUs. The capabilities of the processor might impact the latency and throughput of the high priority workloads.
----

* You enabled C-states and operating system controlled P-states in the BIOS

1. Generate a PerformanceProfile with the per-pod-power-management argument set to true:

```terminal
$ podman run --entrypoint performance-profile-creator -v \
/must-gather:/must-gather:z registry.redhat.io/openshift4/ose-cluster-node-tuning-operator:v4.17 \
--mcp-name=worker-cnf --reserved-cpu-count=20 --rt-kernel=true \
--split-reserved-cpus-across-numa=false --topology-manager-policy=single-numa-node \
--must-gather-dir-path /must-gather --power-consumption-mode=low-latency \ 1
--per-pod-power-management=true > my-performance-profile.yaml
```

The power-consumption-mode argument must be default or low-latency when the per-pod-power-management argument is set to true.
Example PerformanceProfile with perPodPowerManagement

```yaml
apiVersion: performance.openshift.io/v2
kind: PerformanceProfile
metadata:
     name: performance
spec:
    [.....]
    workloadHints:
        realTime: true
        highPowerConsumption: false
        perPodPowerManagement: true
```

2. Set the default cpufreq governor as an additional kernel argument in the PerformanceProfile custom resource (CR):

```yaml
apiVersion: performance.openshift.io/v2
kind: PerformanceProfile
metadata:
     name: performance
spec:
    ...
    additionalKernelArgs:
    - cpufreq.default_governor=schedutil 1
```

Using the schedutil governor is recommended, however, you can use other governors such as the ondemand or powersave governors.
3. Set the maximum CPU frequency in the TunedPerformancePatch CR:

```yaml
spec:
  profile:
  - data: |
      [sysfs]
      /sys/devices/system/cpu/intel_pstate/max_perf_pct = <x> 1
```

The max_perf_pct controls the maximum frequency that the cpufreq driver is allowed to set as a percentage of the maximum supported cpu frequency. This value applies to all CPUs. You can check the maximum supported frequency in /sys/devices/system/cpu/cpu0/cpufreq/cpuinfo_max_freq. As a starting point, you can use a percentage that caps all CPUs at the All Cores Turbo frequency. The All Cores Turbo frequency is the frequency that all cores will run at when the cores are all fully occupied.

* About the Performance Profile Creator
* Disabling power saving mode for high priority pods
* Managing device interrupt processing for guaranteed pod isolated CPUs

# Restricting CPUs for infra and application containers

Generic housekeeping and workload tasks use CPUs in a way that may impact latency-sensitive processes. By default, the container runtime uses all online CPUs to run all containers together, which can result in context switches and spikes in latency. Partitioning the CPUs prevents noisy processes from interfering with latency-sensitive processes by separating them from each other. The following table describes how processes run on a CPU after you have tuned the node using the Node Tuning Operator:



The allocatable capacity of cores on a node for pods of all QoS process types, Burstable,  BestEffort, or Guaranteed, is equal to the capacity of the isolated pool. The capacity of the reserved pool is removed from the node&#8217;s total core capacity for use by the cluster and operating system housekeeping duties.

A node features a capacity of 100 cores. Using a performance profile, the cluster administrator allocates 50 cores to the isolated pool and 50 cores to the reserved pool. The cluster administrator assigns 25 cores to QoS Guaranteed pods and 25 cores for BestEffort or Burstable pods. This matches the capacity of the isolated pool.

A node features a capacity of 100 cores. Using a performance profile, the cluster administrator allocates 50 cores to the isolated pool and 50 cores to the reserved pool. The cluster administrator assigns 50 cores to QoS Guaranteed pods and one core for BestEffort or Burstable pods. This exceeds the capacity of the isolated pool by one core. Pod scheduling fails because of insufficient CPU capacity.

The exact partitioning pattern to use depends on many factors like hardware, workload characteristics and the expected system load. Some sample use cases are as follows:

* If the latency-sensitive workload uses specific hardware, such as a network interface controller (NIC), ensure that the CPUs in the isolated pool are as close as possible to this hardware. At a minimum, you should place the workload in the same Non-Uniform Memory Access (NUMA) node.
* The reserved pool is used for handling all interrupts. When depending on system networking, allocate a sufficiently-sized reserve pool to handle all the incoming packet interrupts. In 4.17 and later versions, workloads can optionally be labeled as sensitive.

The decision regarding which specific CPUs should be used for reserved and isolated partitions requires detailed analysis and measurements. Factors like NUMA affinity of devices and memory play a role. The selection also depends on the workload architecture and the specific use case.


[IMPORTANT]
----
The reserved and isolated CPU pools must not overlap and together must span all available cores in the worker node.
----

To ensure that housekeeping tasks and workloads do not interfere with each other, specify two groups of CPUs in the spec section of the performance profile.

* isolated - Specifies the CPUs for the application container workloads. These CPUs have the lowest latency. Processes in this group have no interruptions and can, for example, reach much higher DPDK zero packet loss bandwidth.
* reserved - Specifies the CPUs for the cluster and operating system housekeeping duties. Threads in the reserved group are often busy. Do not run latency-sensitive applications in the reserved group. Latency-sensitive applications run in the isolated group.

1. Create a performance profile appropriate for the environment's hardware and topology.
2. Add the reserved and isolated parameters with the CPUs you want reserved and isolated for the infra and application containers:

```yaml
﻿apiVersion: performance.openshift.io/v2
kind: PerformanceProfile
metadata:
  name: infra-cpus
spec:
  cpu:
    reserved: "0-4,9" 1
    isolated: "5-8" 2
  nodeSelector: 3
    node-role.kubernetes.io/worker: ""
```

Specify which CPUs are for infra containers to perform cluster and operating system housekeeping duties.
Specify which CPUs are for application containers to run workloads.
Optional: Specify a node selector to apply the performance profile to specific nodes.

# Configuring Hyper-Threading for a cluster

To configure Hyper-Threading for an Red Hat OpenShift Container Platform cluster, set the CPU threads in the performance profile to the same cores that are configured for the reserved or isolated CPU pools.


[NOTE]
----
If you configure a performance profile, and subsequently change the Hyper-Threading configuration for the host, ensure that you update the CPU isolated and reserved fields in the PerformanceProfile YAML to match the new configuration.
----


[WARNING]
----
Disabling a previously enabled host Hyper-Threading configuration can cause the CPU core IDs listed in the PerformanceProfile YAML to be incorrect. This incorrect configuration can cause the node to become unavailable because the listed CPUs can no longer be found.
----

* Access to the cluster as a user with the cluster-admin role.
* Install the OpenShift CLI (oc).

1. Ascertain which threads are running on what CPUs for the host you want to configure.

You can view which threads are running on the host CPUs by logging in to the cluster and running the following command:

```terminal
$ lscpu --all --extended
```

Example output

```terminal
CPU NODE SOCKET CORE L1d:L1i:L2:L3 ONLINE MAXMHZ    MINMHZ
0   0    0      0    0:0:0:0       yes    4800.0000 400.0000
1   0    0      1    1:1:1:0       yes    4800.0000 400.0000
2   0    0      2    2:2:2:0       yes    4800.0000 400.0000
3   0    0      3    3:3:3:0       yes    4800.0000 400.0000
4   0    0      0    0:0:0:0       yes    4800.0000 400.0000
5   0    0      1    1:1:1:0       yes    4800.0000 400.0000
6   0    0      2    2:2:2:0       yes    4800.0000 400.0000
7   0    0      3    3:3:3:0       yes    4800.0000 400.0000
```


In this example, there are eight logical CPU cores running on four physical CPU cores. CPU0 and CPU4 are running on physical Core0, CPU1 and CPU5 are running on physical Core 1, and so on.

Alternatively, to view the threads that are set for a particular physical CPU core (cpu0 in the example below), open a shell prompt and run the following:

```terminal
$ cat /sys/devices/system/cpu/cpu0/topology/thread_siblings_list
```

Example output

```terminal
0-4
```

2. Apply the isolated and reserved CPUs in the PerformanceProfile YAML. For example, you can set logical cores CPU0 and CPU4 as isolated, and logical cores CPU1 to CPU3 and CPU5 to CPU7 as reserved. When you configure reserved and isolated CPUs, the infra containers in pods use the reserved CPUs and the application containers use the isolated CPUs.

```yaml
...
  cpu:
    isolated: 0,4
    reserved: 1-3,5-7
...
```


[NOTE]
----
The reserved and isolated CPU pools must not overlap and together must span all available cores in the worker node.
----


[IMPORTANT]
----
Hyper-Threading is enabled by default on most Intel processors. If you enable Hyper-Threading, all threads processed by a particular core must be isolated or processed on the same core.
When Hyper-Threading is enabled, all guaranteed pods must use multiples of the simultaneous multi-threading (SMT) level to avoid a "noisy neighbor" situation that can cause the pod to fail.
See Static policy options for more information.
----

## Disabling Hyper-Threading for low latency applications

When configuring clusters for low latency processing, consider whether you want to disable Hyper-Threading before you deploy the cluster. To disable Hyper-Threading, perform the following steps:

1. Create a performance profile that is appropriate for your hardware and topology.
2. Set nosmt as an additional kernel argument. The following example performance profile illustrates this setting:

```yaml
apiVersion: performance.openshift.io/v2
kind: PerformanceProfile
metadata:
  name: example-performanceprofile
spec:
  additionalKernelArgs:
    - nmi_watchdog=0
    - audit=0
    - mce=off
    - processor.max_cstate=1
    - idle=poll
    - intel_idle.max_cstate=0
    - nosmt
  cpu:
    isolated: 2-3
    reserved: 0-1
  hugepages:
    defaultHugepagesSize: 1G
    pages:
      - count: 2
        node: 0
        size: 1G
  nodeSelector:
    node-role.kubernetes.io/performance: ''
  realTimeKernel:
    enabled: true
```


[NOTE]
----
When you configure reserved and isolated CPUs, the infra containers in pods use the reserved CPUs and the application containers use the isolated CPUs.
----

# Managing device interrupt processing for guaranteed pod isolated CPUs

The Node Tuning Operator can manage host CPUs by dividing them into reserved CPUs for cluster and operating system housekeeping duties, including pod infra containers, and isolated CPUs for application containers to run the workloads. This allows you to set CPUs for low latency workloads as isolated.

Device interrupts are load balanced between all isolated and reserved CPUs to avoid CPUs being overloaded, with the exception of CPUs where there is a guaranteed pod running. Guaranteed pod CPUs are prevented from processing device interrupts when the relevant annotations are set for the pod.

In the performance profile, globallyDisableIrqLoadBalancing is used to manage whether device interrupts are processed or not. For certain workloads, the reserved CPUs are not always sufficient for dealing with device interrupts, and for this reason, device interrupts are not globally disabled on the isolated CPUs. By default, Node Tuning Operator does not disable device interrupts on isolated CPUs.

## Finding the effective IRQ affinity setting for a node

Some IRQ controllers lack support for IRQ affinity setting and will always expose all online CPUs as the IRQ mask. These IRQ controllers effectively run on CPU 0.

The following are examples of drivers and hardware that Red Hat are aware lack support for IRQ affinity setting. The list is, by no means, exhaustive:

* Some RAID controller drivers, such as megaraid_sas
* Many non-volatile memory express (NVMe) drivers
* Some LAN on motherboard (LOM) network controllers
* The driver uses managed_irqs


[NOTE]
----
The reason they do not support IRQ affinity setting might be associated with factors such as the type of processor, the IRQ controller, or the circuitry connections in the motherboard.
----

If the effective affinity of any IRQ is set to an isolated CPU, it might be a sign of some hardware or driver not supporting IRQ affinity setting. To find the effective affinity, log in to the host and run the following command:


```terminal
$ find /proc/irq -name effective_affinity -printf "%p: " -exec cat {} \;
```



```terminal
/proc/irq/0/effective_affinity: 1
/proc/irq/1/effective_affinity: 8
/proc/irq/2/effective_affinity: 0
/proc/irq/3/effective_affinity: 1
/proc/irq/4/effective_affinity: 2
/proc/irq/5/effective_affinity: 1
/proc/irq/6/effective_affinity: 1
/proc/irq/7/effective_affinity: 1
/proc/irq/8/effective_affinity: 1
/proc/irq/9/effective_affinity: 2
/proc/irq/10/effective_affinity: 1
/proc/irq/11/effective_affinity: 1
/proc/irq/12/effective_affinity: 4
/proc/irq/13/effective_affinity: 1
/proc/irq/14/effective_affinity: 1
/proc/irq/15/effective_affinity: 1
/proc/irq/24/effective_affinity: 2
/proc/irq/25/effective_affinity: 4
/proc/irq/26/effective_affinity: 2
/proc/irq/27/effective_affinity: 1
/proc/irq/28/effective_affinity: 8
/proc/irq/29/effective_affinity: 4
/proc/irq/30/effective_affinity: 4
/proc/irq/31/effective_affinity: 8
/proc/irq/32/effective_affinity: 8
/proc/irq/33/effective_affinity: 1
/proc/irq/34/effective_affinity: 2
```


Some drivers use managed_irqs, whose affinity is managed internally by the kernel and userspace cannot change the affinity. In some cases, these IRQs might be assigned to isolated CPUs. For more information about managed_irqs, see Affinity of managed interrupts cannot be changed even if they target isolated CPU.

## Configuring node interrupt affinity

Configure a cluster node for IRQ dynamic load balancing to control which cores can receive device interrupt requests (IRQ).

* For core isolation, all server hardware components must support IRQ affinity. To check if the hardware components of your server support IRQ affinity, view the server's hardware specifications or contact your hardware provider.

1. Log in to the Red Hat OpenShift Container Platform cluster as a user with cluster-admin privileges.
2. Set the performance profile apiVersion to use performance.openshift.io/v2.
3. Remove the globallyDisableIrqLoadBalancing field or set it to false.
4. Set the appropriate isolated and reserved CPUs. The following snippet illustrates a profile that reserves 2 CPUs. IRQ load-balancing is enabled for pods running on the isolated CPU set:

```yaml
apiVersion: performance.openshift.io/v2
kind: PerformanceProfile
metadata:
  name: dynamic-irq-profile
spec:
  cpu:
    isolated: 2-5
    reserved: 0-1
...
```


[NOTE]
----
When you configure reserved and isolated CPUs, operating system processes, kernel processes, and systemd services run on reserved CPUs.
Infrastructure pods run on any CPU except where the low latency workload is running.
Low latency workload pods run on exclusive CPUs from the isolated pool.
For more information, see "Restricting CPUs for infra and application containers".
----

# Configuring huge pages

Nodes must pre-allocate huge pages used in an Red Hat OpenShift Container Platform cluster. Use the Node Tuning Operator to allocate huge pages on a specific node.

Red Hat OpenShift Container Platform provides a method for creating and allocating huge pages. Node Tuning Operator provides an easier method for doing  this using the performance profile.

For example, in the hugepages pages section of the performance profile, you can specify multiple blocks of size, count, and, optionally, node:


```yaml
hugepages:
   defaultHugepagesSize: "1G"
   pages:
   - size:  "1G"
     count:  4
     node:  0 1
```


node is the NUMA node in which the huge pages are allocated. If you omit node, the pages are evenly spread across all NUMA nodes.


[NOTE]
----
Wait for the relevant machine config pool status that indicates the update is finished.
----

These are the only configuration steps you need to do to allocate huge pages.

* To verify the configuration, see the /proc/meminfo file on the node:

```terminal
$ oc debug node/ip-10-0-141-105.ec2.internal
```


```terminal
# grep -i huge /proc/meminfo
```

Example output

```terminal
AnonHugePages:    ###### ##
ShmemHugePages:        0 kB
HugePages_Total:       2
HugePages_Free:        2
HugePages_Rsvd:        0
HugePages_Surp:        0
Hugepagesize:       #### ##
Hugetlb:            #### ##
```

* Use oc describe to report the new size:

```terminal
$ oc describe node worker-0.ocp4poc.example.com | grep -i huge
```

Example output

```terminal
                                   hugepages-1g=true
 hugepages-###:  ###
 hugepages-###:  ###
```


## Allocating multiple huge page sizes

You can request huge pages with different sizes under the same container. This allows you to define more complicated pods consisting of containers with different huge page size needs.

For example, you can define sizes 1G and 2M and the Node Tuning Operator will configure both sizes on the node, as shown here:


```yaml
spec:
  hugepages:
    defaultHugepagesSize: 1G
    pages:
    - count: 1024
      node: 0
      size: 2M
    - count: 4
      node: 1
      size: 1G
```


# Reducing NIC queues using the Node Tuning Operator

The Node Tuning Operator facilitates reducing NIC queues for enhanced performance.
Adjustments are made using the performance profile, allowing customization of queues for different network devices.

## Adjusting the NIC queues with the performance profile

The performance profile lets you adjust the queue count for each network device.

Supported network devices:

* Non-virtual network devices
* Network devices that support multiple queues (channels)

Unsupported network devices:

* Pure software network interfaces
* Block devices
* Intel DPDK virtual functions

* Access to the cluster as a user with the cluster-admin role.
* Install the OpenShift CLI (oc).

1. Log in to the Red Hat OpenShift Container Platform cluster running the Node Tuning Operator as a user with cluster-admin privileges.
2. Create and apply a performance profile appropriate for your hardware and topology. For guidance on creating a profile, see the "Creating a performance profile" section.
3. Edit this created performance profile:

```terminal
$ oc edit -f <your_profile_name>.yaml
```

4. Populate the spec field with the net object. The object list can contain two fields:
* userLevelNetworking is a required field specified as a boolean flag. If userLevelNetworking is true, the queue count is set to the reserved CPU count for all supported devices. The default is false.
* devices is an optional field specifying a list of devices that will have the queues set to the reserved CPU count. If the device list is empty, the configuration applies to all network devices. The configuration is as follows:
* interfaceName: This field specifies the interface name, and it supports shell-style wildcards, which can be positive or negative.
* Example wildcard syntax is as follows: <string> .*
* Negative rules are prefixed with an exclamation mark. To apply the net queue changes to all devices other than the excluded list, use  !<device>, for example, !eno1.
* vendorID: The network device vendor ID represented as a 16-bit hexadecimal number with a 0x prefix.
* deviceID: The network device ID (model) represented as a 16-bit hexadecimal number with a 0x prefix.

[NOTE]
----
When a deviceID is specified, the vendorID must also be defined. A device that matches all of the device identifiers specified in a device entry interfaceName, vendorID, or a pair of vendorID plus deviceID qualifies as a network device. This network device then has its net queues count set to the reserved CPU count.
When two or more devices are specified, the net queues count is set to any net device that matches one of them.
----
5. Set the queue count to the reserved CPU count for all devices by using this example performance profile:

```yaml
apiVersion: performance.openshift.io/v2
kind: PerformanceProfile
metadata:
  name: manual
spec:
  cpu:
    isolated: 3-51,55-103
    reserved: 0-2,52-54
  net:
    userLevelNetworking: true
  nodeSelector:
    node-role.kubernetes.io/worker-cnf: ""
```

6. Set the queue count to the reserved CPU count for all devices matching any of the defined device identifiers by using this example performance profile:

```yaml
apiVersion: performance.openshift.io/v2
kind: PerformanceProfile
metadata:
  name: manual
spec:
  cpu:
    isolated: 3-51,55-103
    reserved: 0-2,52-54
  net:
    userLevelNetworking: true
    devices:
    - interfaceName: "eth0"
    - interfaceName: "eth1"
    - vendorID: "0x1af4"
      deviceID: "0x1000"
  nodeSelector:
    node-role.kubernetes.io/worker-cnf: ""
```

7. Set the queue count to the reserved CPU count for all devices starting with the interface name eth by using this example performance profile:

```yaml
apiVersion: performance.openshift.io/v2
kind: PerformanceProfile
metadata:
  name: manual
spec:
  cpu:
    isolated: 3-51,55-103
    reserved: 0-2,52-54
  net:
    userLevelNetworking: true
    devices:
    - interfaceName: "eth*"
  nodeSelector:
    node-role.kubernetes.io/worker-cnf: ""
```

8. Set the queue count to the reserved CPU count for all devices with an interface named anything other than eno1 by using this example performance profile:

```yaml
apiVersion: performance.openshift.io/v2
kind: PerformanceProfile
metadata:
  name: manual
spec:
  cpu:
    isolated: 3-51,55-103
    reserved: 0-2,52-54
  net:
    userLevelNetworking: true
    devices:
    - interfaceName: "!eno1"
  nodeSelector:
    node-role.kubernetes.io/worker-cnf: ""
```

9. Set the queue count to the reserved CPU count for all devices that have an interface name eth0, vendorID of 0x1af4, and deviceID of 0x1000 by using this example performance profile:

```yaml
apiVersion: performance.openshift.io/v2
kind: PerformanceProfile
metadata:
  name: manual
spec:
  cpu:
    isolated: 3-51,55-103
    reserved: 0-2,52-54
  net:
    userLevelNetworking: true
    devices:
    - interfaceName: "eth0"
    - vendorID: "0x1af4"
      deviceID: "0x1000"
  nodeSelector:
    node-role.kubernetes.io/worker-cnf: ""
```

10. Apply the updated performance profile:

```terminal
$ oc apply -f <your_profile_name>.yaml
```


* Creating a performance profile.

## Verifying the queue status

In this section, a number of examples illustrate different performance profiles and how to verify the changes are applied.

In this example, the net queue count is set to the reserved CPU count (2) for all supported devices.

The relevant section from the performance profile is:


```yaml
apiVersion: performance.openshift.io/v2
metadata:
  name: performance
spec:
  kind: PerformanceProfile
  spec:
    cpu:
      reserved: 0-1  #total = 2
      isolated: 2-8
    net:
      userLevelNetworking: true
# ...
```


* Display the status of the queues associated with a device using the following command:

[NOTE]
----
Run this command on the node where the performance profile was applied.
----

```terminal
$ ethtool -l <device>
```

* Verify the queue status before the profile is applied:

```terminal
$ ethtool -l ens4
```

Example output

```terminal
Channel parameters for ens4:
Pre-set maximums:
RX:         0
TX:         0
Other:      0
Combined:   4
Current hardware settings:
RX:         0
TX:         0
Other:      0
Combined:   4
```

* Verify the queue status after the profile is applied:

```terminal
$ ethtool -l ens4
```

Example output

```terminal
Channel parameters for ens4:
Pre-set maximums:
RX:         0
TX:         0
Other:      0
Combined:   4
Current hardware settings:
RX:         0
TX:         0
Other:      0
Combined:   2 1
```


The combined channel shows that the total count of reserved CPUs for all supported devices is 2. This matches what is configured in the performance profile.

In this example, the net queue count is set to the reserved CPU count (2) for all supported network devices with a specific vendorID.

The relevant section from the performance profile is:


```yaml
apiVersion: performance.openshift.io/v2
metadata:
  name: performance
spec:
  kind: PerformanceProfile
  spec:
    cpu:
      reserved: 0-1  #total = 2
      isolated: 2-8
    net:
      userLevelNetworking: true
      devices:
      - vendorID = 0x1af4
# ...
```


* Display the status of the queues associated with a device using the following command:

[NOTE]
----
Run this command on the node where the performance profile was applied.
----

```terminal
$ ethtool -l <device>
```

* Verify the queue status after the profile is applied:

```terminal
$ ethtool -l ens4
```

Example output

```terminal
Channel parameters for ens4:
Pre-set maximums:
RX:         0
TX:         0
Other:      0
Combined:   4
Current hardware settings:
RX:         0
TX:         0
Other:      0
Combined:   2 1
```


The total count of reserved CPUs for all supported devices with vendorID=0x1af4 is 2.
For example, if there is another network device ens2 with vendorID=0x1af4 it will also have total net queues of 2. This matches what is configured in the performance profile.

In this example, the net queue count is set to the reserved CPU count (2) for all supported network devices that match any of the defined device identifiers.

The command udevadm info provides a detailed report on a device. In this example the devices are:


```terminal
# udevadm info -p /sys/class/net/ens4
...
E: ID_MODEL_ID=0x1000
E: ID_VENDOR_ID=0x1af4
E: INTERFACE=ens4
...
```



```terminal
# udevadm info -p /sys/class/net/eth0
...
E: ID_MODEL_ID=0x1002
E: ID_VENDOR_ID=0x1001
E: INTERFACE=eth0
...
```


* Set the net queues to 2 for a device with interfaceName equal to eth0 and any devices that have a vendorID=0x1af4 with the following performance profile:

```yaml
apiVersion: performance.openshift.io/v2
metadata:
  name: performance
spec:
  kind: PerformanceProfile
    spec:
      cpu:
        reserved: 0-1  #total = 2
        isolated: 2-8
      net:
        userLevelNetworking: true
        devices:
        - interfaceName = eth0
        - vendorID = 0x1af4
...
```

* Verify the queue status after the profile is applied:

```terminal
$ ethtool -l ens4
```

Example output

```terminal
Channel parameters for ens4:
Pre-set maximums:
RX:         0
TX:         0
Other:      0
Combined:   4
Current hardware settings:
RX:         0
TX:         0
Other:      0
Combined:   2 1
```

The total count of reserved CPUs for all supported devices with vendorID=0x1af4 is set to 2.
For example, if there is another network device ens2 with vendorID=0x1af4, it will also have the total net queues set to 2. Similarly, a device with interfaceName equal to eth0 will have total net queues set to 2.

## Logging associated with adjusting NIC queues

Log messages detailing the assigned devices are recorded in the respective Tuned daemon logs. The following messages might be recorded to the /var/log/tuned/tuned.log file:

* An INFO message is recorded detailing the successfully assigned devices:

```terminal
INFO tuned.plugins.base: instance net_test (net): assigning devices ens1, ens2, ens3
```

* A WARNING message is recorded if none of the devices can be assigned:

```terminal
WARNING  tuned.plugins.base: instance net_test: no matching devices available
```
